#INFO: **** input file is /home/wsr/dftpart/test_c2h6.py ****
from pyscf import gto,dft
import numpy as np
#import gen_grid_sep
#import numint_sep
import xceda

mol = gto.Mole()
mol.atom = '''C1      0.0000  0.0000  0.7614
C2      0.0000  0.0000  -0.7614
H3      0.0000  1.0155  1.1574
H4      -0.8794 -0.5077 1.1574
H5      0.8794  -0.5077 1.1574
H6      0.0000  -1.0155 -1.1574
H7      -0.8794 0.5077  -1.1574
H8      0.8794  0.5077  -1.1574'''
mol.basis = '6-31gss'
mol.output = 'test.log'
mol.verbose = 9
mol.build()

ks = dft.RKS(mol)
ks.xc = 'b3lyp'
#ks.grids = gen_grid_sep.Grids(ks.mol)
ks.kernel()

dm = ks.make_rdm1()

atme = xceda.get_atmexc(ks)[0]
for it in atme:
    print("& %.12f \\\\" %it)

#INFO: ******************** input file end ********************


System: uname_result(system='Linux', node='lw06', release='3.10.0-957.el7.x86_64', version='#1 SMP Thu Nov 8 23:39:32 UTC 2018', machine='x86_64', processor='x86_64')  Threads 48
Python 3.7.3 (default, Mar 27 2019, 22:11:17) 
[GCC 7.3.0]
numpy 1.16.2  scipy 1.2.1
Date: Fri Jun 28 13:47:15 2019
PySCF version 1.6.2
PySCF path  /home/wsr/pyscf

[CONFIG] DEBUG = False
[CONFIG] MAX_MEMORY = 4000
[CONFIG] TMPDIR = .
[CONFIG] UNIT = angstrom
[CONFIG] VERBOSE = 3
[CONFIG] conf_file = None
[INPUT] verbose = 9
[INPUT] max_memory = 4000 
[INPUT] num. atoms = 8
[INPUT] num. electrons = 18
[INPUT] charge = 0
[INPUT] spin (= nelec alpha-beta = 2S) = 0
[INPUT] symmetry False subgroup None
[INPUT] Mole.unit = angstrom
[INPUT]  1 C1     0.000000000000   0.000000000000   0.761400000000 AA    0.000000000000   0.000000000000   1.438837471244 Bohr
[INPUT]  2 C2     0.000000000000   0.000000000000  -0.761400000000 AA    0.000000000000   0.000000000000  -1.438837471244 Bohr
[INPUT]  3 H3     0.000000000000   1.015500000000   1.157400000000 AA    0.000000000000   1.919016879496   2.187169016572 Bohr
[INPUT]  4 H4    -0.879400000000  -0.507700000000   1.157400000000 AA   -1.661825153943  -0.959413953442   2.187169016572 Bohr
[INPUT]  5 H5     0.879400000000  -0.507700000000   1.157400000000 AA    1.661825153943  -0.959413953442   2.187169016572 Bohr
[INPUT]  6 H6     0.000000000000  -1.015500000000  -1.157400000000 AA    0.000000000000  -1.919016879496  -2.187169016572 Bohr
[INPUT]  7 H7    -0.879400000000   0.507700000000  -1.157400000000 AA   -1.661825153943   0.959413953442  -2.187169016572 Bohr
[INPUT]  8 H8     0.879400000000   0.507700000000  -1.157400000000 AA    1.661825153943   0.959413953442  -2.187169016572 Bohr
[INPUT] ---------------- BASIS SET ---------------- 
[INPUT] l, kappa, [nprim/nctr], expnt,             c_1 c_2 ...
[INPUT] C2
[INPUT] 0    0    [6    /1   ]  3047.5249         0.0018347
                                457.36951         0.0140373
                                103.94869         0.0688426
                                29.210155         0.2321844
                                9.286663          0.4679413
                                3.163927          0.362312
[INPUT] 0    0    [3    /1   ]  7.8682724         -0.1193324
                                1.8812885         -0.1608542
                                0.5442493         1.1434564
[INPUT] 0    0    [1    /1   ]  0.1687144            1
[INPUT] 1    0    [3    /1   ]  7.8682724         0.0689991
                                1.8812885         0.316424
                                0.5442493         0.7443083
[INPUT] 1    0    [1    /1   ]  0.1687144            1
[INPUT] 2    0    [1    /1   ]  0.8                  1
[INPUT] H8
[INPUT] 0    0    [3    /1   ]  18.731137         0.0334946
                                2.8253937         0.23472695
                                0.6401217         0.81375733
[INPUT] 0    0    [1    /1   ]  0.1612778            1
[INPUT] 1    0    [1    /1   ]  1.1                  1
[INPUT] H6
[INPUT] 0    0    [3    /1   ]  18.731137         0.0334946
                                2.8253937         0.23472695
                                0.6401217         0.81375733
[INPUT] 0    0    [1    /1   ]  0.1612778            1
[INPUT] 1    0    [1    /1   ]  1.1                  1
[INPUT] H3
[INPUT] 0    0    [3    /1   ]  18.731137         0.0334946
                                2.8253937         0.23472695
                                0.6401217         0.81375733
[INPUT] 0    0    [1    /1   ]  0.1612778            1
[INPUT] 1    0    [1    /1   ]  1.1                  1
[INPUT] H5
[INPUT] 0    0    [3    /1   ]  18.731137         0.0334946
                                2.8253937         0.23472695
                                0.6401217         0.81375733
[INPUT] 0    0    [1    /1   ]  0.1612778            1
[INPUT] 1    0    [1    /1   ]  1.1                  1
[INPUT] C1
[INPUT] 0    0    [6    /1   ]  3047.5249         0.0018347
                                457.36951         0.0140373
                                103.94869         0.0688426
                                29.210155         0.2321844
                                9.286663          0.4679413
                                3.163927          0.362312
[INPUT] 0    0    [3    /1   ]  7.8682724         -0.1193324
                                1.8812885         -0.1608542
                                0.5442493         1.1434564
[INPUT] 0    0    [1    /1   ]  0.1687144            1
[INPUT] 1    0    [3    /1   ]  7.8682724         0.0689991
                                1.8812885         0.316424
                                0.5442493         0.7443083
[INPUT] 1    0    [1    /1   ]  0.1687144            1
[INPUT] 2    0    [1    /1   ]  0.8                  1
[INPUT] H4
[INPUT] 0    0    [3    /1   ]  18.731137         0.0334946
                                2.8253937         0.23472695
                                0.6401217         0.81375733
[INPUT] 0    0    [1    /1   ]  0.1612778            1
[INPUT] 1    0    [1    /1   ]  1.1                  1
[INPUT] H7
[INPUT] 0    0    [3    /1   ]  18.731137         0.0334946
                                2.8253937         0.23472695
                                0.6401217         0.81375733
[INPUT] 0    0    [1    /1   ]  0.1612778            1
[INPUT] 1    0    [1    /1   ]  1.1                  1

nuclear repulsion = 42.3405555495694
number of shells = 30
number of NR pGTOs = 96
number of NR cGTOs = 58
basis = 6-31gss
ecp = {}
bas 0, expnt(s) = [3047.5249    457.36951   103.94869    29.210155    9.286663    3.163927]
bas 1, expnt(s) = [7.8682724 1.8812885 0.5442493]
bas 2, expnt(s) = [0.1687144]
bas 3, expnt(s) = [7.8682724 1.8812885 0.5442493]
bas 4, expnt(s) = [0.1687144]
bas 5, expnt(s) = [0.8]
bas 6, expnt(s) = [3047.5249    457.36951   103.94869    29.210155    9.286663    3.163927]
bas 7, expnt(s) = [7.8682724 1.8812885 0.5442493]
bas 8, expnt(s) = [0.1687144]
bas 9, expnt(s) = [7.8682724 1.8812885 0.5442493]
bas 10, expnt(s) = [0.1687144]
bas 11, expnt(s) = [0.8]
bas 12, expnt(s) = [18.731137   2.8253937  0.6401217]
bas 13, expnt(s) = [0.1612778]
bas 14, expnt(s) = [1.1]
bas 15, expnt(s) = [18.731137   2.8253937  0.6401217]
bas 16, expnt(s) = [0.1612778]
bas 17, expnt(s) = [1.1]
bas 18, expnt(s) = [18.731137   2.8253937  0.6401217]
bas 19, expnt(s) = [0.1612778]
bas 20, expnt(s) = [1.1]
bas 21, expnt(s) = [18.731137   2.8253937  0.6401217]
bas 22, expnt(s) = [0.1612778]
bas 23, expnt(s) = [1.1]
bas 24, expnt(s) = [18.731137   2.8253937  0.6401217]
bas 25, expnt(s) = [0.1612778]
bas 26, expnt(s) = [1.1]
bas 27, expnt(s) = [18.731137   2.8253937  0.6401217]
bas 28, expnt(s) = [0.1612778]
bas 29, expnt(s) = [1.1]
CPU time:         0.40
arg.atm = [[ 6 20  1 23  0  0]
 [ 6 24  1 27  0  0]
 [ 1 28  1 31  0  0]
 [ 1 32  1 35  0  0]
 [ 1 36  1 39  0  0]
 [ 1 40  1 43  0  0]
 [ 1 44  1 47  0  0]
 [ 1 48  1 51  0  0]]
arg.bas = [[  0   0   6   1   0 122 128   0]
 [  0   0   3   1   0 134 137   0]
 [  0   0   1   1   0 140 141   0]
 [  0   1   3   1   0 142 145   0]
 [  0   1   1   1   0 148 149   0]
 [  0   2   1   1   0 150 151   0]
 [  1   0   6   1   0  52  58   0]
 [  1   0   3   1   0  64  67   0]
 [  1   0   1   1   0  70  71   0]
 [  1   1   3   1   0  72  75   0]
 [  1   1   1   1   0  78  79   0]
 [  1   2   1   1   0  80  81   0]
 [  2   0   3   1   0 102 105   0]
 [  2   0   1   1   0 108 109   0]
 [  2   1   1   1   0 110 111   0]
 [  3   0   3   1   0 152 155   0]
 [  3   0   1   1   0 158 159   0]
 [  3   1   1   1   0 160 161   0]
 [  4   0   3   1   0 112 115   0]
 [  4   0   1   1   0 118 119   0]
 [  4   1   1   1   0 120 121   0]
 [  5   0   3   1   0  92  95   0]
 [  5   0   1   1   0  98  99   0]
 [  5   1   1   1   0 100 101   0]
 [  6   0   3   1   0 162 165   0]
 [  6   0   1   1   0 168 169   0]
 [  6   1   1   1   0 170 171   0]
 [  7   0   3   1   0  82  85   0]
 [  7   0   1   1   0  88  89   0]
 [  7   1   1   1   0  90  91   0]]
arg.env = [ 1.37036000e+02  0.00000000e+00  0.00000000e+00  0.00000000e+00
  0.00000000e+00  0.00000000e+00  0.00000000e+00  0.00000000e+00
  0.00000000e+00  0.00000000e+00  0.00000000e+00  0.00000000e+00
  0.00000000e+00  0.00000000e+00  0.00000000e+00  0.00000000e+00
  0.00000000e+00  0.00000000e+00  0.00000000e+00  0.00000000e+00
  0.00000000e+00  0.00000000e+00  1.43883747e+00  0.00000000e+00
  0.00000000e+00  0.00000000e+00 -1.43883747e+00  0.00000000e+00
  0.00000000e+00  1.91901688e+00  2.18716902e+00  0.00000000e+00
 -1.66182515e+00 -9.59413953e-01  2.18716902e+00  0.00000000e+00
  1.66182515e+00 -9.59413953e-01  2.18716902e+00  0.00000000e+00
  0.00000000e+00 -1.91901688e+00 -2.18716902e+00  0.00000000e+00
 -1.66182515e+00  9.59413953e-01 -2.18716902e+00  0.00000000e+00
  1.66182515e+00  9.59413953e-01 -2.18716902e+00  0.00000000e+00
  3.04752490e+03  4.57369510e+02  1.03948690e+02  2.92101550e+01
  9.28666300e+00  3.16392700e+00  1.90125588e+00  3.50751108e+00
  5.66221808e+00  7.37052623e+00  6.28928397e+00  2.17153894e+00
  7.86827240e+00  1.88128850e+00  5.44249300e-01 -1.41639039e+00
 -6.52813326e-01  1.83055623e+00  1.68714400e-01  6.65088040e-01
  7.86827240e+00  1.88128850e+00  5.44249300e-01  2.65263212e+00
  2.03386926e+00  1.01504332e+00  1.68714400e-01  3.15445679e-01
  8.00000000e-01  1.76578110e+00  1.87311370e+01  2.82539370e+00
  6.40121700e-01  7.61926220e-01  1.29237100e+00  1.47131900e+00
  1.61277800e-01  6.42977783e-01  1.10000000e+00  3.28643653e+00
  1.87311370e+01  2.82539370e+00  6.40121700e-01  7.61926220e-01
  1.29237100e+00  1.47131900e+00  1.61277800e-01  6.42977783e-01
  1.10000000e+00  3.28643653e+00  1.87311370e+01  2.82539370e+00
  6.40121700e-01  7.61926220e-01  1.29237100e+00  1.47131900e+00
  1.61277800e-01  6.42977783e-01  1.10000000e+00  3.28643653e+00
  1.87311370e+01  2.82539370e+00  6.40121700e-01  7.61926220e-01
  1.29237100e+00  1.47131900e+00  1.61277800e-01  6.42977783e-01
  1.10000000e+00  3.28643653e+00  3.04752490e+03  4.57369510e+02
  1.03948690e+02  2.92101550e+01  9.28666300e+00  3.16392700e+00
  1.90125588e+00  3.50751108e+00  5.66221808e+00  7.37052623e+00
  6.28928397e+00  2.17153894e+00  7.86827240e+00  1.88128850e+00
  5.44249300e-01 -1.41639039e+00 -6.52813326e-01  1.83055623e+00
  1.68714400e-01  6.65088040e-01  7.86827240e+00  1.88128850e+00
  5.44249300e-01  2.65263212e+00  2.03386926e+00  1.01504332e+00
  1.68714400e-01  3.15445679e-01  8.00000000e-01  1.76578110e+00
  1.87311370e+01  2.82539370e+00  6.40121700e-01  7.61926220e-01
  1.29237100e+00  1.47131900e+00  1.61277800e-01  6.42977783e-01
  1.10000000e+00  3.28643653e+00  1.87311370e+01  2.82539370e+00
  6.40121700e-01  7.61926220e-01  1.29237100e+00  1.47131900e+00
  1.61277800e-01  6.42977783e-01  1.10000000e+00  3.28643653e+00]
ecpbas  = []


******** <class 'pyscf.dft.rks.RKS'> ********
method = RKS-RHF
initial guess = minao
damping factor = 0
level shift factor = 0
DIIS = <class 'pyscf.scf.diis.CDIIS'>
DIIS start cycle = 1
DIIS space = 8
SCF tol = 1e-09
SCF gradient tol = None
max. SCF cycles = 50
direct_scf = True
direct_scf_tol = 1e-13
chkfile to save SCF result = /home/wsr/dftpart/tmp6db_m13m
max_memory 4000 MB (current use 56 MB)
XC functionals = b3lyp
small_rho_cutoff = 1e-07
radial grids: 
    Treutler-Ahlrichs (JCP 102, 346 (M4)) radial grids
    
becke partition: Becke, JCP, 88, 2547 (1988)
pruning grids: <function nwchem_prune at 0x2b2f90db02f0>
grids dens level: 3
symmetrized grids: False
atomic radii adjust function: <function treutler_atomic_radii_adjust at 0x2b2f90db0268>
atomic_radii : [0.         0.66140414 2.64561657 2.74010288 1.98421243 1.60626721
 1.32280829 1.22832198 1.13383567 0.94486306 2.83458919 3.40150702
 2.83458919 2.36215766 2.07869874 1.88972612 1.88972612 1.88972612
 3.40150702 4.15739747 3.40150702 3.0235618  2.64561657 2.55113027
 2.64561657 2.64561657 2.64561657 2.55113027 2.55113027 2.55113027
 2.55113027 2.45664396 2.36215766 2.17318504 2.17318504 2.17318504
 3.59047964 4.44085639 3.77945225 3.40150702 2.92907549 2.74010288
 2.74010288 2.55113027 2.45664396 2.55113027 2.64561657 3.0235618
 2.92907549 2.92907549 2.74010288 2.74010288 2.64561657 2.64561657
 3.96842486 4.91328792 4.06291117 3.68496594 3.49599333 3.49599333
 3.49599333 3.49599333 3.49599333 3.49599333 3.40150702 3.30702072
 3.30702072 3.30702072 3.30702072 3.30702072 3.30702072 3.30702072
 2.92907549 2.74010288 2.55113027 2.55113027 2.45664396 2.55113027
 2.55113027 2.55113027 2.83458919 3.59047964 3.40150702 3.0235618
 3.59047964 2.74010288 3.96842486 3.40150702 4.06291117 3.68496594
 3.40150702 3.40150702 3.30702072 3.30702072 3.30702072 3.30702072
 3.30702072 3.30702072 3.30702072 3.30702072 3.30702072 3.30702072
 3.30702072 3.30702072 3.30702072 3.30702072 3.30702072 3.30702072
 3.30702072 3.30702072 3.30702072 3.30702072 3.30702072 3.30702072
 3.30702072 3.30702072 3.30702072 3.30702072 3.30702072 3.30702072
 3.30702072 3.30702072 3.30702072 3.30702072 3.30702072 3.30702072
 3.30702072 3.30702072 3.30702072 3.30702072 3.30702072]
Set gradient conv threshold to 3.16228e-05
Nelec from initial guess = 17.986545608265992
cond(S) = 568.1783945831389
atom C1 rad-grids = 75, ang-grids = [ 50  50  50  50  50  50  50  50  50  50  50  50  50  50  50  50  50  50
  50  50  50  50  50  86  86  86  86  86  86  86  86  86  86 266 266 266
 266 266 266 266 302 302 302 302 302 302 302 302 302 302 302 302 302 302
 302 302 302 302 302 302 266 266 266 266 266 266 266 266 266 266 266 266
 266 266 266]
atom C2 rad-grids = 75, ang-grids = [ 50  50  50  50  50  50  50  50  50  50  50  50  50  50  50  50  50  50
  50  50  50  50  50  86  86  86  86  86  86  86  86  86  86 266 266 266
 266 266 266 266 302 302 302 302 302 302 302 302 302 302 302 302 302 302
 302 302 302 302 302 302 266 266 266 266 266 266 266 266 266 266 266 266
 266 266 266]
atom H3 rad-grids = 50, ang-grids = [ 50  50  50  50  50  50  50  50  50  50  50  50  50  50  86  86  86  86
 266 266 266 266 302 302 302 302 302 302 302 302 302 302 302 302 302 266
 266 266 266 266 266 266 266 266 266 266 266 266 266 266]
atom H4 rad-grids = 50, ang-grids = [ 50  50  50  50  50  50  50  50  50  50  50  50  50  50  86  86  86  86
 266 266 266 266 302 302 302 302 302 302 302 302 302 302 302 302 302 266
 266 266 266 266 266 266 266 266 266 266 266 266 266 266]
atom H5 rad-grids = 50, ang-grids = [ 50  50  50  50  50  50  50  50  50  50  50  50  50  50  86  86  86  86
 266 266 266 266 302 302 302 302 302 302 302 302 302 302 302 302 302 266
 266 266 266 266 266 266 266 266 266 266 266 266 266 266]
atom H6 rad-grids = 50, ang-grids = [ 50  50  50  50  50  50  50  50  50  50  50  50  50  50  86  86  86  86
 266 266 266 266 302 302 302 302 302 302 302 302 302 302 302 302 302 266
 266 266 266 266 266 266 266 266 266 266 266 266 266 266]
atom H7 rad-grids = 50, ang-grids = [ 50  50  50  50  50  50  50  50  50  50  50  50  50  50  86  86  86  86
 266 266 266 266 302 302 302 302 302 302 302 302 302 302 302 302 302 266
 266 266 266 266 266 266 266 266 266 266 266 266 266 266]
atom H8 rad-grids = 50, ang-grids = [ 50  50  50  50  50  50  50  50  50  50  50  50  50  50  86  86  86  86
 266 266 266 266 302 302 302 302 302 302 302 302 302 302 302 302 302 266
 266 266 266 266 266 266 266 266 266 266 266 266 266 266]
tot grids = 87948
Drop grids 14682
    CPU time for setting up grids      4.66 sec, wall time      0.15 sec
nelec by numeric integration = 17.98655391067519
    CPU time for vxc     11.14 sec, wall time      0.29 sec
 Exc = -10.278697040306517
 Exc = -12.770416312364691
E1 = -186.844336389199  Ecoul = 77.59311725737801  Exc = -12.770416312364691
init E= -79.6810798946162
    CPU time for initialize scf     20.34 sec, wall time      0.64 sec
  HOMO = -0.422443569350103  LUMO = 0.0403540618641781
  mo_energy =
[-10.40621413 -10.40565091  -0.95975003  -0.76185384  -0.53078853
  -0.53077172  -0.47907021  -0.42246306  -0.42244357   0.04035406
   0.08261793   0.08851253   0.0885304    0.1189752    0.11899132
   0.12954734   0.41521552   0.45241089   0.45242408   0.52323337
   0.52324222   0.54052305   0.76810687   0.76812791   0.78233051
   0.7994067    0.79942182   0.85696956   0.98650363   1.192285
   1.19229264   1.36667777   1.562872     1.56288891   1.72522084
   1.95192589   1.95197774   1.97443996   1.97451679   1.97457541
   1.97497694   2.18332534   2.18334296   2.21960367   2.38155865
   2.38159603   2.60726655   2.66230572   2.70230779   2.70233803
   2.80544138   2.80545253   3.05129023   3.13537645   3.27959486
   3.27967604   3.40794696   3.40800728]
nelec by numeric integration = 18.0000033804045
    CPU time for vxc     14.86 sec, wall time      0.42 sec
 Exc = -10.761962794715934
 Exc = -13.312199248198224
E1 = -192.01486619505815  Ecoul = 83.3058362542762  Exc = -13.312199248198224
cycle= 1 E= -79.6806736394108  delta_E= 0.000406  |g|= 0.58  |ddm|= 2.18
    CPU time for cycle= 1     15.33 sec, wall time      0.43 sec
diis-norm(errvec)=1.23023
diis-c [-1.51345384  1.        ]
  HOMO = -0.219880834850271  LUMO = 0.153007760355783
  mo_energy =
[-9.8684689  -9.86830503 -0.61942826 -0.50965912 -0.33250481 -0.3324962
 -0.25167401 -0.2516658  -0.21988083  0.15300776  0.20589809  0.22630262
  0.22631936  0.24700213  0.24701348  0.32863244  0.59705073  0.61479313
  0.61480326  0.70423442  0.70423446  0.81804985  0.95724741  0.96272882
  0.96275917  0.97962655  0.97966115  1.03496394  1.16676919  1.44535108
  1.44535485  1.51451042  1.77724572  1.7772547   2.00806207  2.11220946
  2.1126943   2.1720206   2.17207764  2.18300411  2.18306653  2.33371187
  2.33374062  2.43654115  2.56962052  2.56965053  2.76322172  2.87885604
  2.89459171  2.89462526  3.01401038  3.0140164   3.24985772  3.35282367
  3.51129182  3.51138669  3.64191257  3.64198554]
nelec by numeric integration = 18.000002919751605
    CPU time for vxc     11.43 sec, wall time      0.32 sec
 Exc = -10.326384575383702
 Exc = -12.778766755263746
E1 = -186.43211169328623  Ecoul = 77.22544694170746  Exc = -12.778766755263746
cycle= 2 E= -79.6448759572731  delta_E= 0.0358  |g|= 0.68  |ddm|= 1.11
    CPU time for cycle= 2     12.54 sec, wall time      0.35 sec
diis-norm(errvec)=1.50494
diis-c [-0.01319518  0.55057917  0.44942083]
  HOMO = -0.334375866244702  LUMO = 0.109662923641282
  mo_energy =
[-10.15507929 -10.15492872  -0.74586877  -0.60670728  -0.426567
  -0.42655409  -0.35909154  -0.33439016  -0.33437587   0.10966292
   0.16241249   0.1689602    0.16897686   0.19459574   0.19460872
   0.24926673   0.51091954   0.54310316   0.54311521   0.62150506
   0.62150989   0.67575267   0.87202846   0.8720543    0.89264564
   0.9024565    0.90248169   0.96434093   1.08185117   1.3311137
   1.33111978   1.45205599   1.68542307   1.68543627   1.87648976
   2.06301215   2.06350963   2.07769709   2.07775203   2.09652341
   2.09658467   2.27557299   2.27559569   2.34450484   2.49064898
   2.49068316   2.70349264   2.78555339   2.81445126   2.8144838
   2.92317102   2.92318019   3.16842665   3.25929561   3.41031982
   3.4104077    3.5389752    3.53904217]
nelec by numeric integration = 18.000002968255792
    CPU time for vxc      8.90 sec, wall time      0.24 sec
 Exc = -10.54790022675586
 Exc = -13.049725988072803
E1 = -189.4733755342734  Ecoul = 80.41076187369515  Exc = -13.049725988072803
cycle= 3 E= -79.7717840990816  delta_E= -0.127  |g|= 0.0165  |ddm|= 0.601
    CPU time for cycle= 3      9.63 sec, wall time      0.26 sec
diis-norm(errvec)=0.0354251
diis-c [-5.18316048e-04  8.68135462e-02  6.00627399e-02  8.53123714e-01]
  HOMO = -0.335909390053212  LUMO = 0.109071100617427
  mo_energy =
[-10.16203604 -10.1618825   -0.7461861   -0.60926997  -0.42756351
  -0.42755036  -0.36006739  -0.33592402  -0.33590939   0.1090711
   0.1617673    0.16897147   0.16898794   0.19441097   0.19442387
   0.24803807   0.51021868   0.54318076   0.54319283   0.62064016
   0.62064517   0.67435915   0.87150272   0.87152836   0.89142591
   0.90187908   0.90190395   0.96281716   1.08172455   1.3303181
   1.33032425   1.45206436   1.68465785   1.68467134   1.87561171
   2.06266036   2.06315811   2.07694132   2.07699602   2.09565736
   2.09571842   2.27538433   2.27540672   2.34396016   2.49046123
   2.49049559   2.70294539   2.78414268   2.8139248    2.81395704
   2.92285565   2.92286481   3.16738622   3.25805347   3.40895988
   3.40904744   3.53790319   3.53796975]
nelec by numeric integration = 18.000002928632235
    CPU time for vxc      9.76 sec, wall time      0.25 sec
 Exc = -10.55218272097047
 Exc = -13.054985514499645
E1 = -189.51408907409825  Ecoul = 80.45667383154999  Exc = -13.054985514499645
cycle= 4 E= -79.7718452074785  delta_E= -6.11e-05  |g|= 0.00249  |ddm|= 0.0143
    CPU time for cycle= 4     10.23 sec, wall time      0.26 sec
diis-norm(errvec)=0.00627938
diis-c [-2.31318534e-06 -2.91579123e-03 -5.42302771e-03  1.47415724e-01
  8.60923095e-01]
  HOMO = -0.335924359153472  LUMO = 0.109098963297979
  mo_energy =
[-10.16228308 -10.16212911  -0.74640787  -0.60911342  -0.4276755
  -0.42766238  -0.36032244  -0.33593896  -0.33592436   0.10909896
   0.16180384   0.16891261   0.16892907   0.19437546   0.19438837
   0.24813205   0.51023152   0.5431384    0.54315046   0.62062887
   0.62063388   0.67424119   0.87143031   0.87145593   0.89163804
   0.90192351   0.90194839   0.9629739    1.0816513    1.33031287
   1.33031901   1.45207305   1.6847055    1.68471898   1.87554374
   2.0628233    2.06332096   2.0769433    2.07699803   2.09570774
   2.09576883   2.27550324   2.27552564   2.34395829   2.4904926
   2.49052695   2.70311379   2.78432537   2.81395351   2.81398579
   2.9228218    2.92283096   3.16749236   3.258127     3.40901841
   3.40910599   3.53788842   3.53795503]
nelec by numeric integration = 18.00000292377878
    CPU time for vxc      9.44 sec, wall time      0.26 sec
 Exc = -10.552267567643494
 Exc = -13.055084895973568
E1 = -189.5177039107332  Ecoul = 80.46038657052829  Exc = -13.055084895973568
cycle= 5 E= -79.7718466866091  delta_E= -1.48e-06  |g|= 0.000206  |ddm|= 0.00253
    CPU time for cycle= 5     10.60 sec, wall time      0.29 sec
diis-norm(errvec)=0.000389375
diis-c [-1.89531596e-08 -6.70733575e-04 -3.54539080e-04  1.32293213e-04
  2.27578653e-02  9.78135114e-01]
  HOMO = -0.335966339108481  LUMO = 0.109069299965762
  mo_energy =
[-10.16217139 -10.16201736  -0.74643702  -0.60915223  -0.42771314
  -0.42770001  -0.36034936  -0.33598094  -0.33596634   0.1090693
   0.16177831   0.1688821    0.16889856   0.19434511   0.19435801
   0.248102     0.51020142   0.54309873   0.54311079   0.62060133
   0.62060634   0.67423326   0.87140606   0.87143168   0.89159255
   0.90188652   0.9019114    0.96293918   1.08161762   1.33026552
   1.33027166   1.45202741   1.68465328   1.68466675   1.87551194
   2.06276058   2.06325825   2.07689685   2.07695157   2.0956589
   2.09571998   2.27544375   2.27546615   2.34391698   2.49044191
   2.49047626   2.70305801   2.78428007   2.81390344   2.81393572
   2.92277485   2.922784     3.1674453    3.25808572   3.40897973
   3.40906731   3.53785073   3.53791734]
nelec by numeric integration = 18.000002923689422
    CPU time for vxc     11.56 sec, wall time      0.31 sec
 Exc = -10.55222364855526
 Exc = -13.055031906184077
E1 = -189.5169550079666  Ecoul = 80.45958466788849  Exc = -13.055031906184077
cycle= 6 E= -79.7718466966928  delta_E= -1.01e-08  |g|= 9.09e-06  |ddm|= 0.000171
    CPU time for cycle= 6     12.22 sec, wall time      0.32 sec
diis-norm(errvec)=2.15126e-05
diis-c [-6.86812763e-11 -4.08944288e-05 -3.77094928e-05  1.01407065e-04
  8.26050550e-04  4.04714261e-02  9.58679720e-01]
  HOMO = -0.335963908811727  LUMO = 0.109070320619394
  mo_energy =
[-10.16217284 -10.16201882  -0.74643608  -0.6091503   -0.427711
  -0.42769787  -0.36034958  -0.33597851  -0.33596391   0.10907032
   0.16177911   0.16888319   0.16889966   0.19434625   0.19435915
   0.24810239   0.51020089   0.54310004   0.54311211   0.62060223
   0.62060724   0.67423256   0.87140761   0.87143324   0.89159518
   0.90188874   0.90191361   0.96294135   1.08161802   1.33026678
   1.33027293   1.45202884   1.68465508   1.68466855   1.87551247
   2.06276349   2.06326116   2.07689903   2.07695375   2.09566126
   2.09572235   2.27544623   2.27546863   2.34391817   2.49044404
   2.49047839   2.7030604    2.78428171   2.81390592   2.8139382
   2.92277695   2.92278611   3.16744827   3.25808827   3.4089821
   3.40906969   3.53785325   3.53791986]
nelec by numeric integration = 18.000002923676938
    CPU time for vxc      9.74 sec, wall time      0.27 sec
 Exc = -10.552224100619606
 Exc = -13.055032459104659
E1 = -189.51697272108493  Ecoul = 80.45960293390702  Exc = -13.055032459104659
cycle= 7 E= -79.7718466967131  delta_E= -2.04e-11  |g|= 1.69e-06  |ddm|= 7.02e-06
    CPU time for cycle= 7     10.60 sec, wall time      0.29 sec
  HOMO = -0.335964517562355  LUMO = 0.109069968628942
  mo_energy =
[-10.16217447 -10.16202045  -0.74643696  -0.60915099  -0.42771167
  -0.42769854  -0.3603505   -0.33597912  -0.33596452   0.10906997
   0.16177876   0.16888276   0.16889922   0.19434584   0.19435874
   0.24810178   0.51020027   0.54309947   0.54311154   0.62060164
   0.62060665   0.67423172   0.87140702   0.87143265   0.89159466
   0.90188818   0.90191306   0.96294084   1.08161744   1.33026597
   1.33027211   1.45202833   1.68465437   1.68466785   1.8755116
   2.062763     2.06326067   2.07689833   2.07695305   2.0956606
   2.09572169   2.27544571   2.27546811   2.34391746   2.49044341
   2.49047777   2.70305989   2.78428106   2.81390531   2.81393758
   2.92277629   2.92278545   3.16744764   3.2580876    3.4089814
   3.40906898   3.53785253   3.53791914]
nelec by numeric integration = 18.000002923678814
    CPU time for vxc      9.74 sec, wall time      0.27 sec
 Exc = -10.552225372640649
 Exc = -13.055034022726431
E1 = -189.51698861600616  Ecoul = 80.4596203924501  Exc = -13.055034022726431
Extra cycle  E= -79.7718466967131  delta_E= 7.11e-14  |g|= 1.98e-06  |ddm|= 3.25e-06
    CPU time for scf_cycle    112.05 sec, wall time      3.14 sec
    CPU time for SCF    112.05 sec, wall time      3.15 sec
converged SCF energy = -79.7718466967131
atom C1 rad-grids = 75, ang-grids = [ 50  50  50  50  50  50  50  50  50  50  50  50  50  50  50  50  50  50
  50  50  50  50  50  86  86  86  86  86  86  86  86  86  86 266 266 266
 266 266 266 266 302 302 302 302 302 302 302 302 302 302 302 302 302 302
 302 302 302 302 302 302 266 266 266 266 266 266 266 266 266 266 266 266
 266 266 266]
atom C2 rad-grids = 75, ang-grids = [ 50  50  50  50  50  50  50  50  50  50  50  50  50  50  50  50  50  50
  50  50  50  50  50  86  86  86  86  86  86  86  86  86  86 266 266 266
 266 266 266 266 302 302 302 302 302 302 302 302 302 302 302 302 302 302
 302 302 302 302 302 302 266 266 266 266 266 266 266 266 266 266 266 266
 266 266 266]
atom H3 rad-grids = 50, ang-grids = [ 50  50  50  50  50  50  50  50  50  50  50  50  50  50  86  86  86  86
 266 266 266 266 302 302 302 302 302 302 302 302 302 302 302 302 302 266
 266 266 266 266 266 266 266 266 266 266 266 266 266 266]
atom H4 rad-grids = 50, ang-grids = [ 50  50  50  50  50  50  50  50  50  50  50  50  50  50  86  86  86  86
 266 266 266 266 302 302 302 302 302 302 302 302 302 302 302 302 302 266
 266 266 266 266 266 266 266 266 266 266 266 266 266 266]
atom H5 rad-grids = 50, ang-grids = [ 50  50  50  50  50  50  50  50  50  50  50  50  50  50  86  86  86  86
 266 266 266 266 302 302 302 302 302 302 302 302 302 302 302 302 302 266
 266 266 266 266 266 266 266 266 266 266 266 266 266 266]
atom H6 rad-grids = 50, ang-grids = [ 50  50  50  50  50  50  50  50  50  50  50  50  50  50  86  86  86  86
 266 266 266 266 302 302 302 302 302 302 302 302 302 302 302 302 302 266
 266 266 266 266 266 266 266 266 266 266 266 266 266 266]
atom H7 rad-grids = 50, ang-grids = [ 50  50  50  50  50  50  50  50  50  50  50  50  50  50  86  86  86  86
 266 266 266 266 302 302 302 302 302 302 302 302 302 302 302 302 302 266
 266 266 266 266 266 266 266 266 266 266 266 266 266 266]
atom H8 rad-grids = 50, ang-grids = [ 50  50  50  50  50  50  50  50  50  50  50  50  50  50  86  86  86  86
 266 266 266 266 302 302 302 302 302 302 302 302 302 302 302 302 302 266
 266 266 266 266 266 266 266 266 266 266 266 266 266 266]
tot grids = 8
